// Jest Snapshot v1, https://goo.gl/fbAQLP

exports[`Home page matches snapshot 1`] = `
<DocumentFragment>
  <div
    class="jsx-1663395881 placeholderPage"
  >
    <main
      class="jsx-1663395881 main"
    >
      <h1
        class="jsx-1663395881 title"
      >
        👷‍♀️🚧
      </h1>
      <h2
        class="jsx-1663395881 title"
      >
        Under construction
      </h2>
    </main>
  </div>
</DocumentFragment>
`;
