// Jest Snapshot v1, https://goo.gl/fbAQLP

exports[`Layout matches snapshot 1`] = `
<DocumentFragment>
  <div
    class="font-serif"
  >
    <section
      class="hidden md:block relative w-full px-8 text-gray-300 body-font z-10"
    >
      <div
        class="container flex flex-col flex-wrap items-center justify-between py-5 mx-auto md:flex-row max-w-7xl"
      >
        <a
          class="z-10"
          href="/"
        >
          <test-file-stub
            classname="h-14 select-none cursor-pointer"
          />
        </a>
        <nav
          class="top-0 left-0 z-0 flex items-center justify-center w-full h-full py-5 -ml-0 space-x-5 text-base md:-ml-5 md:py-0 md:absolute"
        />
      </div>
    </section>
    <main />
  </div>
</DocumentFragment>
`;
